// Jest Snapshot v1, https://goo.gl/fbAQLP

exports[`renders correctly 1`] = `
<KeyboardAvoidingView
  behavior="padding"
  enabled={true}
  keyboardVerticalOffset={0}
  style={
    Object {
      "borderRadius": 2,
    }
  }
>
  Hello
</KeyboardAvoidingView>
`;
