// Jest Snapshot v1, https://goo.gl/fbAQLP

exports[`hyphenate formats a string into lowercase with hyphens in between words 1`] = `"hello-jolly-world"`;
